// Jest Snapshot v1, https://goo.gl/fbAQLP

exports[`<SquareEditJest /> component when rendering should render a component matching the snapshot 1`] = `
<div
  className=""
  id="square-edit-container"
>
  <button
    className="close-modal-x"
  />
  <div
    className="x-bg"
  />
  <h2>
    Enter
     your balance below
  </h2>
  <section
    className="edit-short"
    id="square-edit"
  >
    <input
      id="coin-balance"
      onChange={[Function]}
      onFocus={[Function]}
      placeholder="0"
      type="number"
      value={0}
    />
    <div
      className="symbol"
    >
       
      bitcoin
       
    </div>
    <div
      id="edit-coin-price"
    >
       1 @ $
      1
       
    </div>
    <div
      id="edit-total-value"
    >
       $
      0
       
    </div>
    <button
      disabled={true}
      id="save-button"
      onClick={[Function]}
    >
      Save
    </button>
  </section>
</div>
`;
