// Jest Snapshot v1, https://goo.gl/fbAQLP

exports[`<Square /> component when rendering should render a component matching the snapshot 1`] = `
<div
  className="col coin-square coin-square"
  onClick={[Function]}
  style={
    Object {
      "backgroundColor": "#f5922f",
      "color": "#fff",
    }
  }
>
  <section>
    <h1>
      <div
        className="fl"
      >
         
        BTC
         
      </div>
      <div
        className="fr mr-n5"
      >
         
        % 
      </div>
    </h1>
    <p
      className="coin-price"
    >
      <span
        className="mr5 o7"
      >
        Price:
      </span>
      <span
        className="fr"
      >
         $
        0
         
      </span>
    </p>
    <p
      className="coin-balance"
    >
       
      0
       
    </p>
    <p
      className="balance"
    >
       $
      0
       
    </p>
  </section>
</div>
`;
