// Jest Snapshot v1, https://goo.gl/fbAQLP

exports[`<Square /> component when rendering should render a component matching the snapshot 1`] = `
<div
  className="col coin-square bg bg-btc coin-square"
  onClick={[Function]}
  style={
    Object {
      "backgroundColor": "#f5922f",
      "color": "#fff",
    }
  }
>
  <section>
    <div
      className="coin-stats"
    >
      <div
        className="coin-index"
      >
        <span
          className="stat"
        >
          #
        </span>
        <span>
          NaN
        </span>
      </div>
      <div
        className="change24"
      >
        <span
          className="stat mr3 hr24"
        >
          24hr
        </span>
        <span
          className="red"
        >
          -10%
        </span>
        <span
          className="stat"
        >
          %
        </span>
      </div>
    </div>
    <h1>
      <div
        className="fl"
      >
        BTC
      </div>
    </h1>
    <p
      className="coin-price"
    >
      <span
        className="mr3 o7"
      >
        Price:
      </span>
      <span
        className="fr"
      >
        $
        0
      </span>
    </p>
    <p
      className="coin-position"
    >
      Position:
    </p>
    <div
      className="position-bg"
    >
      <p
        className="coin-balance"
      >
        0
      </p>
      <div
        className="coin-percentage"
      >
        <span />
        <span
          className="stat"
        >
          %
        </span>
      </div>
    </div>
    <p
      className="balance"
    >
      $
      0
    </p>
  </section>
</div>
`;
